<html>
<body>
<pre>
<h1>µVision Build Log</h1>
<h2>Project:</h2>
D:\GPS Project\GPS-Project\GPS_project.uvproj
Project File Date:  06/05/2021

<h2>Output:</h2>
Build target 'Target 1'
linking...
Program Size: Code=560 RO-data=636 RW-data=0 ZI-data=608  
".\GPS_project.axf" - 0 Error(s), 0 Warning(s).
</pre>
</body>
</html>
arning:  #1-D: last line of file ends without a newline
  } 
LCD.c: 2 warnings, 0 errors
compiling main.c...
LCD_private.h(16): warning:  #1-D: last line of file ends without a newline
  #endif //LCD_DRIVER_LCD_PRIVATE_H
GPIO.h(6): warning:  #1295-D: Deprecated declaration PortA_Init - give arg types
  void PortA_Init();
GPIO.h(7): warning:  #1295-D: Deprecated declaration PortB_Init - give arg types
  void PortB_Init();
GPIO.h(8): warning:  #1295-D: Deprecated declaration PortD_Init - give arg types
  void PortD_Init();
GPIO.h(9): warning:  #1295-D: Deprecated declaration PortF_Init - give arg types
  void PortF_Init();
systick.h(4): warning:  #1295-D: Deprecated declaration systick_init - give arg types
  void systick_init();
systick_Priv.h(4): warning:  #47-D: incompatible redefinition of macro "NVIC_ST_CTRL_R" (declared at line 2222 of "tm4c123gh6pm.h")
  #define NVIC_ST_CTRL_R          (*((volatile unsigned long *)0xE000E010))
systick_Priv.h(5): warning:  #47-D: incompatible redefinition of macro "NVIC_ST_RELOAD_R" (declared at line 2223 of "tm4c123gh6pm.h")
  #define NVIC_ST_RELOAD_R        (*((volatile unsigned long *)0xE000E014))
systick_Priv.h(6): warning:  #47-D: incompatible redefinition of macro "NVIC_ST_CURRENT_R" (declared at line 2224 of "tm4c123gh6pm.h")
  #define NVIC_ST_CURRENT_R       (*((volatile unsigned long *)0xE000E018))
main.c(23): warning:  #1-D: last line of file ends without a newline
  }
main.c: 10 warnings, 0 errors
compiling GPIO.c...
GPIO.h(6): warning:  #1295-D: Deprecated declaration PortA_Init - give arg types
  void PortA_Init();
GPIO.h(7): warning:  #1295-D: Deprecated declaration PortB_Init - give arg types
  void PortB_Init();
GPIO.h(8): warning:  #1295-D: Deprecated declaration PortD_Init - give arg types
  void PortD_Init();
GPIO.h(9): warning:  #1295-D: Deprecated declaration PortF_Init - give arg types
  void PortF_Init();
GPIO.c: 4 warnings, 0 errors
compiling GPS.c...
linking...
Program Size: Code=560 RO-data=636 RW-data=0 ZI-data=608  
".\GPS_project.axf" - 0 Error(s), 16 Warning(s).
